// Jest Snapshot v1, https://jestjs.io/docs/snapshot-testing

exports[`handles valid input submission 1`] = `
[
  [
    "https://jsonplaceholder.typicode.com/users",
    {
      "body": "{"username":"example","password":"asdf"}",
      "method": "POST",
    },
  ],
]
`;
